// Jest Snapshot v1, https://goo.gl/fbAQLP

exports[`SelectableCard component matches snapshot for default and selected states 1`] = `
<label
  class="block cursor-pointer"
>
  <input
    class="peer sr-only"
    name="demo"
    type="radio"
    value="a"
  />
  <div
    class="flex items-center justify-center rounded-lg border border-gray-300 bg-white p-4 text-sm transition-all peer-focus-visible:ring-2 peer-focus-visible:ring-[var(--brand-color)] peer-checked:border-[var(--brand-color)] peer-checked:bg-brand-light hover:bg-gray-50"
  >
    Option
  </div>
</label>
`;

exports[`SelectableCard component matches snapshot for default and selected states 2`] = `
<label
  class="block cursor-pointer"
>
  <input
    class="peer sr-only"
    name="demo"
    type="radio"
    value="a"
  />
  <div
    class="flex items-center justify-center rounded-lg border border-gray-300 bg-white p-4 text-sm transition-all peer-focus-visible:ring-2 peer-focus-visible:ring-[var(--brand-color)] peer-checked:border-[var(--brand-color)] peer-checked:bg-brand-light hover:bg-gray-50"
  >
    Option
  </div>
</label>
`;
