// Jest Snapshot v1, https://goo.gl/fbAQLP

exports[`Spinner component matches snapshot 1`] = `
<div
  aria-busy="true"
  aria-live="polite"
  class="flex items-center justify-center"
  role="status"
>
  <span
    class="animate-spin rounded-full border-2 border-current border-t-transparent h-6 w-6"
  />
  <span
    class="sr-only"
  >
    Loading...
  </span>
</div>
`;
