// Jest Snapshot v1, https://goo.gl/fbAQLP

exports[`ServiceProviderCardCompact matches snapshot 1`] = `
<a
  href="/service-providers/1"
>
  <div
    class="relative aspect-[4/4] bg-gray-100 overflow-hidden"
  >
    <div
      class="absolute inset-0 animate-pulse bg-gray-200"
    />
    <img
      alt="Test"
      class="object-cover w-full h-full"
      sizes="(max-width:768px) 0vw, 33vw"
      src="http://localhost:8000/static/default-avatar.svg"
    />
  </div>
  <div
    class="p-1 space-y-0.5"
  >
    <p
      class="text-sm font-semibold truncate text-black"
    >
      Test
    </p>
  </div>
</a>
`;
